---
source: tests/tui.rs
expression: output_file2
---
Buffer {
    area: Rect { x: 0, y: 0, width: 86, height: 20 },
    content: [
        "╔ Files ════════════════════╗┌ income.csv ───────────────┐┌ 2025 ────────────────────┐",
        "║ expenses.csv              ║│ 2024             6 000.00 ││▎2025-01-01      2 000.00 │",
        "║▌income.csv       8 000.00 ║│▎2025             2 000.00 ││                          │",
        "║ savings.csv               ║│                           ││                          │",
        "║                           ║│                           ││                          │",
        "║                           ║│                           ││                          │",
        "║                           ║│                           ││                          │",
        "║                           ║│                           ││                          │",
        "║                           ║│                           ││                          │",
        "║                           ║│                           ││                          │",
        "║                           ║│                           ││                          │",
        "║                           ║│                           ││                          │",
        "║                           ║│                           ││                          │",
        "║                           ║│                           ││                          │",
        "║                           ║│                           ││                          │",
        "║                           ║│                           ││                          │",
        "╚═══════════════════════════╝└───────────────────────────┘└──────────────────────────┘",
        "┌────────────────────────────────────────────────────────────────────────────────────┐",
        "│↓(j)/↑(k): Navigate | Tab: Focus | q: Quit                                          │",
        "└────────────────────────────────────────────────────────────────────────────────────┘",
    ],
    styles: [
        x: 0, y: 0, fg: Reset, bg: Reset, underline: Reset, modifier: NONE,
        x: 1, y: 0, fg: Reset, bg: Reset, underline: Reset, modifier: BOLD,
        x: 8, y: 0, fg: Reset, bg: Reset, underline: Reset, modifier: NONE,
        x: 59, y: 1, fg: Reset, bg: Rgb(35, 39, 48), underline: Reset, modifier: NONE,
        x: 85, y: 1, fg: Reset, bg: Reset, underline: Reset, modifier: NONE,
        x: 1, y: 2, fg: Green, bg: Rgb(26, 30, 36), underline: Reset, modifier: NONE,
        x: 2, y: 2, fg: Reset, bg: Rgb(26, 30, 36), underline: Reset, modifier: NONE,
        x: 28, y: 2, fg: Reset, bg: Reset, underline: Reset, modifier: NONE,
        x: 30, y: 2, fg: Reset, bg: Rgb(35, 39, 48), underline: Reset, modifier: NONE,
        x: 57, y: 2, fg: Reset, bg: Reset, underline: Reset, modifier: NONE,
    ]
}
