---
source: tests/tui.rs
expression: output_wrapped
---
Buffer {
    area: Rect { x: 0, y: 0, width: 86, height: 20 },
    content: [
        "╔ Files ════════════════════╗┌ expenses.csv ─────────────┐┌ 2025 ────────────────────┐",
        "║ expenses.csv      -251.50 ║│ 2024              -175.75 ││ 2025-01-05        -75.75 │",
        "║ income.csv                ║│ 2025               -75.75 ││                          │",
        "║ savings.csv               ║│                           ││                          │",
        "║                           ║│                           ││                          │",
        "║                           ║│                           ││                          │",
        "║                           ║│                           ││                          │",
        "║                           ║│                           ││                          │",
        "║                           ║│                           ││                          │",
        "║                           ║│                           ││                          │",
        "║                           ║│                           ││                          │",
        "║                           ║│                           ││                          │",
        "║                           ║│                           ││                          │",
        "║                           ║│                           ││                          │",
        "║                           ║│                           ││                          │",
        "║                           ║│                           ││                          │",
        "╚═══════════════════════════╝└───────────────────────────┘└──────────────────────────┘",
        "┌────────────────────────────────────────────────────────────────────────────────────┐",
        "│↓(j)/↑(k): Navigate | Tab: Focus | q: Quit                                          │",
        "└────────────────────────────────────────────────────────────────────────────────────┘",
    ],
    styles: [
        x: 0, y: 0, fg: Reset, bg: Reset, underline: Reset, modifier: NONE,
        x: 1, y: 0, fg: Reset, bg: Reset, underline: Reset, modifier: BOLD,
        x: 8, y: 0, fg: Reset, bg: Reset, underline: Reset, modifier: NONE,
        x: 1, y: 1, fg: Black, bg: Blue, underline: Reset, modifier: NONE,
        x: 28, y: 1, fg: Reset, bg: Reset, underline: Reset, modifier: NONE,
        x: 59, y: 1, fg: Reset, bg: DarkGray, underline: Reset, modifier: NONE,
        x: 85, y: 1, fg: Reset, bg: Reset, underline: Reset, modifier: NONE,
        x: 30, y: 2, fg: Reset, bg: DarkGray, underline: Reset, modifier: NONE,
        x: 57, y: 2, fg: Reset, bg: Reset, underline: Reset, modifier: NONE,
    ]
}
