---
source: tests/tui.rs
expression: year_2024_output
---
Buffer {
    area: Rect { x: 0, y: 0, width: 120, height: 30 },
    content: [
        "┌ Files ────────────────────────────────┐╔ expenses.csv ═══════════════════════╗┌ 2024 ────────────────────────────────┐",
        "│ expenses.csv                  -251.50 │║ 2024                        -175.75 ║│ 2024-01-15                    -50.25 │",
        "│ income.csv                            │║ 2025                         -75.75 ║│ 2024-02-20                   -100.00 │",
        "│ savings.csv                           │║                                     ║│ 2024-03-10                    -25.50 │",
        "│                                       │║                                     ║│                                      │",
        "│                                       │║                                     ║│                                      │",
        "│                                       │║                                     ║│                                      │",
        "│                                       │║                                     ║│                                      │",
        "│                                       │║                                     ║│                                      │",
        "│                                       │║                                     ║│                                      │",
        "│                                       │║                                     ║│                                      │",
        "│                                       │║                                     ║│                                      │",
        "│                                       │║                                     ║│                                      │",
        "│                                       │║                                     ║│                                      │",
        "│                                       │║                                     ║│                                      │",
        "│                                       │║                                     ║│                                      │",
        "│                                       │║                                     ║│                                      │",
        "│                                       │║                                     ║│                                      │",
        "│                                       │║                                     ║│                                      │",
        "│                                       │║                                     ║│                                      │",
        "│                                       │║                                     ║│                                      │",
        "│                                       │║                                     ║│                                      │",
        "│                                       │║                                     ║│                                      │",
        "│                                       │║                                     ║│                                      │",
        "│                                       │║                                     ║│                                      │",
        "│                                       │║                                     ║│                                      │",
        "└───────────────────────────────────────┘╚═════════════════════════════════════╝└──────────────────────────────────────┘",
        "┌──────────────────────────────────────────────────────────────────────────────────────────────────────────────────────┐",
        "│↓(j)/↑(k): Navigate | Tab: Focus | q: Quit                                                                            │",
        "└──────────────────────────────────────────────────────────────────────────────────────────────────────────────────────┘",
    ],
    styles: [
        x: 0, y: 0, fg: Reset, bg: Reset, underline: Reset, modifier: NONE,
        x: 42, y: 0, fg: Reset, bg: Reset, underline: Reset, modifier: BOLD,
        x: 56, y: 0, fg: Reset, bg: Reset, underline: Reset, modifier: NONE,
        x: 1, y: 1, fg: Reset, bg: DarkGray, underline: Reset, modifier: NONE,
        x: 40, y: 1, fg: Reset, bg: Reset, underline: Reset, modifier: NONE,
        x: 42, y: 1, fg: Black, bg: Blue, underline: Reset, modifier: NONE,
        x: 79, y: 1, fg: Reset, bg: Reset, underline: Reset, modifier: NONE,
        x: 81, y: 1, fg: Reset, bg: DarkGray, underline: Reset, modifier: NONE,
        x: 119, y: 1, fg: Reset, bg: Reset, underline: Reset, modifier: NONE,
    ]
}
